../Core/Src/DateAndTime.c:34:7:GetTimeString	8	static
../Core/Src/DateAndTime.c:43:7:GetDayString	8	static
../Core/Src/DateAndTime.c:98:7:GetNext_1_DayString	8	static
../Core/Src/DateAndTime.c:104:7:GetNext_2_DayString	8	static
../Core/Src/DateAndTime.c:110:7:GetNext_3_DayString	8	static
../Core/Src/DateAndTime.c:115:7:GetNext_4_DayString	8	static
../Core/Src/DateAndTime.c:120:7:GetNext_5_DayString	8	static
../Core/Src/DateAndTime.c:125:7:GetNext_6_DayString	8	static
../Core/Src/DateAndTime.c:130:13:NextDayString	24	static
