../Core/Src/enemyPlane.c:7:6:creep	16	static
../Core/Src/enemyPlane.c:20:6:creepDeath	24	static
../Core/Src/enemyPlane.c:38:6:creepCollision	64	static
../Core/Src/enemyPlane.c:60:6:creepMove	24	static
../Core/Src/enemyPlane.c:80:6:creepAlive	16	static
../Core/Src/enemyPlane.c:93:6:miniBoss	16	static
../Core/Src/enemyPlane.c:116:6:miniBossDeath	32	static
../Core/Src/enemyPlane.c:140:6:miniBossCollision	64	static
../Core/Src/enemyPlane.c:172:6:miniBossMove	24	static
../Core/Src/enemyPlane.c:195:6:miniBossAlive	16	static
../Core/Src/enemyPlane.c:210:6:miniBossBullet	16	static
../Core/Src/enemyPlane.c:220:6:miniBossBulletControl	24	static
../Core/Src/enemyPlane.c:283:5:checkMiniBossBulletHit	40	static
../Core/Src/enemyPlane.c:295:6:boss	16	static
../Core/Src/enemyPlane.c:318:6:bossDeath	32	static
../Core/Src/enemyPlane.c:342:6:bossCollision	64	static
../Core/Src/enemyPlane.c:374:6:bossMove	24	static
../Core/Src/enemyPlane.c:397:6:bossAlive	16	static
../Core/Src/enemyPlane.c:412:6:bossBullet	16	static
../Core/Src/enemyPlane.c:463:6:bossBulletControl2	48	static
../Core/Src/enemyPlane.c:524:6:bossBulletControl3	48	static
../Core/Src/enemyPlane.c:585:6:bossBulletControl	24	static
../Core/Src/enemyPlane.c:651:5:checkbossBulletHit	40	static
