../Core/Src/json_parser.c:49:13:MX_USART1_UART_Init	8	static
../Core/Src/json_parser.c:79:6:uartInit	8	static
../Core/Src/json_parser.c:100:6:extract_value	40	static
../Core/Src/json_parser.c:115:6:extract_array	312	static
../Core/Src/json_parser.c:137:6:extract_float_array	72	static
../Core/Src/json_parser.c:167:6:get_Temp_Max	40	static
../Core/Src/json_parser.c:172:6:get_Temp_Min	40	static
../Core/Src/json_parser.c:177:6:get_Wind_Speed_Max	40	static
../Core/Src/json_parser.c:182:6:get_Weather_Code	40	static
../Core/Src/json_parser.c:187:5:get_Humidity	32	static
../Core/Src/json_parser.c:192:6:get_Time	16	static
../Core/Src/json_parser.c:195:6:split_date	24	static
../Core/Src/json_parser.c:205:7:convertWeatherCode	16	static
../Core/Src/json_parser.c:235:6:upDateData	24	static
../Core/Src/json_parser.c:305:6:get_Data_json	48	static
