../Core/Src/mainPlanes.c:5:6:initMainSpeed	88	static
../Core/Src/mainPlanes.c:23:6:mainSpeed	32	static
../Core/Src/mainPlanes.c:43:6:mainBullet	16	static
../Core/Src/mainPlanes.c:60:6:initMainDPS	88	static
../Core/Src/mainPlanes.c:78:6:mainDPS	32	static
../Core/Src/mainPlanes.c:98:6:initMainTank	88	static
../Core/Src/mainPlanes.c:117:6:mainTank	32	static
../Core/Src/mainPlanes.c:137:6:bulletControl	16	static
../Core/Src/mainPlanes.c:158:6:bulletUpdatePosition	16	static
../Core/Src/mainPlanes.c:177:5:bulletOutOfBounds	16	static
../Core/Src/mainPlanes.c:181:6:bulletCleanup	16	static
../Core/Src/mainPlanes.c:186:6:bulletReset	16	static
../Core/Src/mainPlanes.c:196:6:mainMoveCalculator	24	static
../Core/Src/mainPlanes.c:221:6:skillControl	16	static
../Core/Src/mainPlanes.c:242:6:DPSskill	16	static
../Core/Src/mainPlanes.c:272:6:SPDskill	24	static
../Core/Src/mainPlanes.c:306:6:TANKskill	16	static
../Core/Src/mainPlanes.c:332:6:lose	8	static
../Core/Src/mainPlanes.c:341:6:win	8	static
