../Core/Src/stm32f4xx_hal_msp.c:65:6:HAL_MspInit	16	static
../Core/Src/stm32f4xx_hal_msp.c:88:6:HAL_RTC_MspInit	32	static
../Core/Src/stm32f4xx_hal_msp.c:122:6:HAL_RTC_MspDeInit	16	static
../Core/Src/stm32f4xx_hal_msp.c:144:6:HAL_SPI_MspInit	56	static
../Core/Src/stm32f4xx_hal_msp.c:233:6:HAL_SPI_MspDeInit	16	static
../Core/Src/stm32f4xx_hal_msp.c:286:6:HAL_TIM_Base_MspInit	24	static
../Core/Src/stm32f4xx_hal_msp.c:325:6:HAL_TIM_Base_MspDeInit	16	static
../Core/Src/stm32f4xx_hal_msp.c:364:6:HAL_UART_MspInit	48	static
../Core/Src/stm32f4xx_hal_msp.c:404:6:HAL_UART_MspDeInit	16	static
../Core/Src/stm32f4xx_hal_msp.c:431:13:HAL_FSMC_MspInit	32	static
../Core/Src/stm32f4xx_hal_msp.c:489:6:HAL_SRAM_MspInit	16	static
../Core/Src/stm32f4xx_hal_msp.c:501:13:HAL_FSMC_MspDeInit	8	static
../Core/Src/stm32f4xx_hal_msp.c:547:6:HAL_SRAM_MspDeInit	16	static
