../Core/Src/WeatherGraphics.c:8:15:Button	16	static
../Core/Src/WeatherGraphics.c:18:15:optionScreen	16	static
../Core/Src/WeatherGraphics.c:37:15:waitingScreen	8	static
../Core/Src/WeatherGraphics.c:73:15:weatherStation	40	static
../Core/Src/WeatherGraphics.c:114:15:weatherStation1	40	static
../Core/Src/WeatherGraphics.c:165:15:weatherStation2	40	static
../Core/Src/WeatherGraphics.c:211:15:displayNextDay2	24	static
../Core/Src/WeatherGraphics.c:230:15:displayNextDay1	24	static
../Core/Src/WeatherGraphics.c:250:15:displayNextDay	24	static
../Core/Src/WeatherGraphics.c:269:17:iconWeather	16	static
../Core/Src/WeatherGraphics.c:289:17:iconWeatherMinor	16	static
